  0 1 2.
0      .
1      .
2      .
this is a comment